
======================================================================
[2026-08-11T12:03:32.666722] call_tool(rechercher_regles_bornflow)
cwd=C:\Users\CGI\AppData\Local\Programs\IBM Bob
exe=C:\Users\CGI\Documents\bornflow-rag\venv_bornflowRAG\Scripts\python.exe
Traceback (most recent call last):
  File "C:\Users\CGI\Documents\bornflow-rag\bornflow-rag\mcp_server.py", line 163, in call_tool
    hits = VECTORSTORE.similarity_search_with_score(query, k=k)
  File "C:\Users\CGI\Documents\bornflow-rag\venv_bornflowRAG\Lib\site-packages\langchain_chroma\vectorstores.py", line 849, in similarity_search_with_score
    results = self.__query_collection(
        query_embeddings=[query_embedding],
    ...<3 lines>...
        **kwargs,
    )
  File "C:\Users\CGI\Documents\bornflow-rag\venv_bornflowRAG\Lib\site-packages\langchain_core\utils\utils.py", line 51, in wrapper
    return func(*args, **kwargs)
  File "C:\Users\CGI\Documents\bornflow-rag\venv_bornflowRAG\Lib\site-packages\langchain_chroma\vectorstores.py", line 477, in __query_collection
    return self._collection.query(
           ~~~~~~~~~~~~~~~~~~~~~~^
        query_texts=query_texts,
        ^^^^^^^^^^^^^^^^^^^^^^^^
    ...<4 lines>...
        **kwargs,
        ^^^^^^^^^
    )
    ^
  File "C:\Users\CGI\Documents\bornflow-rag\venv_bornflowRAG\Lib\site-packages\chromadb\api\models\Collection.py", line 265, in query
    query_results = self._client._query(
        collection_id=self.id,
    ...<7 lines>...
        database=self.database,
    )
  File "C:\Users\CGI\Documents\bornflow-rag\venv_bornflowRAG\Lib\site-packages\chromadb\api\rust.py", line 582, in _query
    rust_response = self.bindings.query(
        str(collection_id),
    ...<7 lines>...
        database,
    )
chromadb.errors.InvalidArgumentError: Collection expecting embedding with dimension of 384, got 1024

======================================================================
[2026-08-11T12:03:38.600364] call_tool(rechercher_regles_bornflow)
cwd=C:\Users\CGI\AppData\Local\Programs\IBM Bob
exe=C:\Users\CGI\Documents\bornflow-rag\venv_bornflowRAG\Scripts\python.exe
Traceback (most recent call last):
  File "C:\Users\CGI\Documents\bornflow-rag\bornflow-rag\mcp_server.py", line 163, in call_tool
    hits = VECTORSTORE.similarity_search_with_score(query, k=k)
  File "C:\Users\CGI\Documents\bornflow-rag\venv_bornflowRAG\Lib\site-packages\langchain_chroma\vectorstores.py", line 849, in similarity_search_with_score
    results = self.__query_collection(
        query_embeddings=[query_embedding],
    ...<3 lines>...
        **kwargs,
    )
  File "C:\Users\CGI\Documents\bornflow-rag\venv_bornflowRAG\Lib\site-packages\langchain_core\utils\utils.py", line 51, in wrapper
    return func(*args, **kwargs)
  File "C:\Users\CGI\Documents\bornflow-rag\venv_bornflowRAG\Lib\site-packages\langchain_chroma\vectorstores.py", line 477, in __query_collection
    return self._collection.query(
           ~~~~~~~~~~~~~~~~~~~~~~^
        query_texts=query_texts,
        ^^^^^^^^^^^^^^^^^^^^^^^^
    ...<4 lines>...
        **kwargs,
        ^^^^^^^^^
    )
    ^
  File "C:\Users\CGI\Documents\bornflow-rag\venv_bornflowRAG\Lib\site-packages\chromadb\api\models\Collection.py", line 265, in query
    query_results = self._client._query(
        collection_id=self.id,
    ...<7 lines>...
        database=self.database,
    )
  File "C:\Users\CGI\Documents\bornflow-rag\venv_bornflowRAG\Lib\site-packages\chromadb\api\rust.py", line 582, in _query
    rust_response = self.bindings.query(
        str(collection_id),
    ...<7 lines>...
        database,
    )
chromadb.errors.InvalidArgumentError: Collection expecting embedding with dimension of 384, got 1024
